EN adc_fsm NULL /tp/xph2sic/xph2sic015/tp-filtre-2a-sicom/filtre/vhd/ADC_fsm.vhd sub00/vhpl12 1520325404
AR dac_fsm a /tp/xph2sic/xph2sic015/tp-filtre-2a-sicom/filtre/vhd/DAC_fsm.vhd sub00/vhpl15 1520325407
EN mult NULL /tp/xph2sic/xph2sic015/tp-filtre-2a-sicom/filtre/vhd/mult.vhd sub00/vhpl04 1520325396
EN rom NULL /tp/xph2sic/xph2sic015/tp-filtre-2a-sicom/filtre/vhd/rom.vhd sub00/vhpl00 1520325392
AR accu a /tp/xph2sic/xph2sic015/tp-filtre-2a-sicom/filtre/vhd/accu.vhd sub00/vhpl07 1520325399
EN dac_fsm NULL /tp/xph2sic/xph2sic015/tp-filtre-2a-sicom/filtre/vhd/DAC_fsm.vhd sub00/vhpl14 1520325406
AR mult a /tp/xph2sic/xph2sic015/tp-filtre-2a-sicom/filtre/vhd/mult.vhd sub00/vhpl05 1520325397
EN register_1 NULL /tp/xph2sic/xph2sic015/tp-filtre-2a-sicom/filtre/vhd/register.vhd sub00/vhpl16 1520325408
EN delay_line NULL /tp/xph2sic/xph2sic015/tp-filtre-2a-sicom/filtre/vhd/delayline.vhd sub00/vhpl02 1520325394
AR adc_fsm a /tp/xph2sic/xph2sic015/tp-filtre-2a-sicom/filtre/vhd/ADC_fsm.vhd sub00/vhpl13 1520325405
AR register_1 a /tp/xph2sic/xph2sic015/tp-filtre-2a-sicom/filtre/vhd/register.vhd sub00/vhpl17 1520325409
AR fsm a /tp/xph2sic/xph2sic015/tp-filtre-2a-sicom/filtre/vhd/fsm.vhd sub00/vhpl11 1520325403
AR buff a /tp/xph2sic/xph2sic015/tp-filtre-2a-sicom/filtre/vhd/buff.vhd sub00/vhpl09 1520325401
EN fsm NULL /tp/xph2sic/xph2sic015/tp-filtre-2a-sicom/filtre/vhd/fsm.vhd sub00/vhpl10 1520325402
EN filter NULL /tp/xph2sic/xph2sic015/tp-filtre-2a-sicom/filtre/vhd/filtre.vhd sub00/vhpl18 1520325410
AR delay_line a /tp/xph2sic/xph2sic015/tp-filtre-2a-sicom/filtre/vhd/delayline.vhd sub00/vhpl03 1520325395
EN buff NULL /tp/xph2sic/xph2sic015/tp-filtre-2a-sicom/filtre/vhd/buff.vhd sub00/vhpl08 1520325400
EN accu NULL /tp/xph2sic/xph2sic015/tp-filtre-2a-sicom/filtre/vhd/accu.vhd sub00/vhpl06 1520325398
AR filter a /tp/xph2sic/xph2sic015/tp-filtre-2a-sicom/filtre/vhd/filtre.vhd sub00/vhpl19 1520325411
AR rom a /tp/xph2sic/xph2sic015/tp-filtre-2a-sicom/filtre/vhd/rom.vhd sub00/vhpl01 1520325393
