FSM 1 : VALID TRANSITION GRAPH

00001 : STATE IS REACHABLE FROM OUTSIDE.

   OUTGOING TRANSITIONS:
      00010


00010 : FSM STATE NOT REACHABLE FROM OUTSIDE.

   OUTGOING TRANSITIONS:
      00100

   INCOMING TRANSITIONS:
      00001
      10000


00100 : FSM STATE NOT REACHABLE FROM OUTSIDE.

   OUTGOING TRANSITIONS:
      01000
      00100

   INCOMING TRANSITIONS:
      00010
      00100


01000 : FSM STATE NOT REACHABLE FROM OUTSIDE.

   OUTGOING TRANSITIONS:
      10000
      01000

   INCOMING TRANSITIONS:
      00100
      01000


10000 : FSM STATE NOT REACHABLE FROM OUTSIDE.

   OUTGOING TRANSITIONS:
      00010

   INCOMING TRANSITIONS:
      01000


FSM 2 : VALID TRANSITION GRAPH

00 : STATE IS REACHABLE FROM OUTSIDE.

   OUTGOING TRANSITIONS:
      01
      00

   INCOMING TRANSITIONS:
      00
      11


01 : FSM STATE NOT REACHABLE FROM OUTSIDE.

   OUTGOING TRANSITIONS:
      10

   INCOMING TRANSITIONS:
      00


10 : FSM STATE NOT REACHABLE FROM OUTSIDE.

   OUTGOING TRANSITIONS:
      11
      10

   INCOMING TRANSITIONS:
      01
      10


11 : FSM STATE NOT REACHABLE FROM OUTSIDE.

   OUTGOING TRANSITIONS:
      00

   INCOMING TRANSITIONS:
      10


FSM 1 : VALID TRANSITION GRAPH

00001 : STATE IS REACHABLE FROM OUTSIDE.

   OUTGOING TRANSITIONS:
      00010


00010 : FSM STATE NOT REACHABLE FROM OUTSIDE.

   OUTGOING TRANSITIONS:
      00100

   INCOMING TRANSITIONS:
      00001
      10000


00100 : FSM STATE NOT REACHABLE FROM OUTSIDE.

   OUTGOING TRANSITIONS:
      01000
      00100

   INCOMING TRANSITIONS:
      00010
      00100


01000 : FSM STATE NOT REACHABLE FROM OUTSIDE.

   OUTGOING TRANSITIONS:
      10000
      01000

   INCOMING TRANSITIONS:
      00100
      01000


10000 : FSM STATE NOT REACHABLE FROM OUTSIDE.

   OUTGOING TRANSITIONS:
      00010

   INCOMING TRANSITIONS:
      01000


FSM 2 : VALID TRANSITION GRAPH

00 : STATE IS REACHABLE FROM OUTSIDE.

   OUTGOING TRANSITIONS:
      01
      00

   INCOMING TRANSITIONS:
      00
      11


01 : FSM STATE NOT REACHABLE FROM OUTSIDE.

   OUTGOING TRANSITIONS:
      10

   INCOMING TRANSITIONS:
      00


10 : FSM STATE NOT REACHABLE FROM OUTSIDE.

   OUTGOING TRANSITIONS:
      11
      10

   INCOMING TRANSITIONS:
      01
      10


11 : FSM STATE NOT REACHABLE FROM OUTSIDE.

   OUTGOING TRANSITIONS:
      00

   INCOMING TRANSITIONS:
      10


FSM 1 : VALID TRANSITION GRAPH

00001 : STATE IS REACHABLE FROM OUTSIDE.

   OUTGOING TRANSITIONS:
      00010


00010 : FSM STATE NOT REACHABLE FROM OUTSIDE.

   OUTGOING TRANSITIONS:
      00100

   INCOMING TRANSITIONS:
      00001
      10000


00100 : FSM STATE NOT REACHABLE FROM OUTSIDE.

   OUTGOING TRANSITIONS:
      01000
      00100

   INCOMING TRANSITIONS:
      00010
      00100


01000 : FSM STATE NOT REACHABLE FROM OUTSIDE.

   OUTGOING TRANSITIONS:
      10000
      01000

   INCOMING TRANSITIONS:
      00100
      01000


10000 : FSM STATE NOT REACHABLE FROM OUTSIDE.

   OUTGOING TRANSITIONS:
      00010

   INCOMING TRANSITIONS:
      01000


FSM 2 : VALID TRANSITION GRAPH

00 : STATE IS REACHABLE FROM OUTSIDE.

   OUTGOING TRANSITIONS:
      01
      00

   INCOMING TRANSITIONS:
      00
      11


01 : FSM STATE NOT REACHABLE FROM OUTSIDE.

   OUTGOING TRANSITIONS:
      10

   INCOMING TRANSITIONS:
      00


10 : FSM STATE NOT REACHABLE FROM OUTSIDE.

   OUTGOING TRANSITIONS:
      11
      10

   INCOMING TRANSITIONS:
      01
      10


11 : FSM STATE NOT REACHABLE FROM OUTSIDE.

   OUTGOING TRANSITIONS:
      00

   INCOMING TRANSITIONS:
      10


FSM 1 : VALID TRANSITION GRAPH

00001 : STATE IS REACHABLE FROM OUTSIDE.

   OUTGOING TRANSITIONS:
      00010


00010 : FSM STATE NOT REACHABLE FROM OUTSIDE.

   OUTGOING TRANSITIONS:
      00100

   INCOMING TRANSITIONS:
      00001
      10000


00100 : FSM STATE NOT REACHABLE FROM OUTSIDE.

   OUTGOING TRANSITIONS:
      01000
      00100

   INCOMING TRANSITIONS:
      00010
      00100


01000 : FSM STATE NOT REACHABLE FROM OUTSIDE.

   OUTGOING TRANSITIONS:
      10000
      01000

   INCOMING TRANSITIONS:
      00100
      01000


10000 : FSM STATE NOT REACHABLE FROM OUTSIDE.

   OUTGOING TRANSITIONS:
      00010

   INCOMING TRANSITIONS:
      01000


FSM 2 : VALID TRANSITION GRAPH

00001 : STATE IS REACHABLE FROM OUTSIDE.

   OUTGOING TRANSITIONS:
      00010
      00001

   INCOMING TRANSITIONS:
      00001
      10000


00010 : FSM STATE NOT REACHABLE FROM OUTSIDE.

   OUTGOING TRANSITIONS:
      00100

   INCOMING TRANSITIONS:
      00001


00100 : FSM STATE NOT REACHABLE FROM OUTSIDE.

   OUTGOING TRANSITIONS:
      01000
      00100

   INCOMING TRANSITIONS:
      00010
      00100


01000 : FSM STATE NOT REACHABLE FROM OUTSIDE.

   OUTGOING TRANSITIONS:
      10000

   INCOMING TRANSITIONS:
      00100


10000 : FSM STATE NOT REACHABLE FROM OUTSIDE.

   OUTGOING TRANSITIONS:
      00001

   INCOMING TRANSITIONS:
      01000


FSM 1 : VALID TRANSITION GRAPH

00001 : STATE IS REACHABLE FROM OUTSIDE.

   OUTGOING TRANSITIONS:
      00010


00010 : FSM STATE NOT REACHABLE FROM OUTSIDE.

   OUTGOING TRANSITIONS:
      00100

   INCOMING TRANSITIONS:
      00001
      10000


00100 : FSM STATE NOT REACHABLE FROM OUTSIDE.

   OUTGOING TRANSITIONS:
      01000
      00100

   INCOMING TRANSITIONS:
      00010
      00100


01000 : FSM STATE NOT REACHABLE FROM OUTSIDE.

   OUTGOING TRANSITIONS:
      10000
      01000

   INCOMING TRANSITIONS:
      00100
      01000


10000 : FSM STATE NOT REACHABLE FROM OUTSIDE.

   OUTGOING TRANSITIONS:
      00010

   INCOMING TRANSITIONS:
      01000


FSM 2 : VALID TRANSITION GRAPH

00001 : STATE IS REACHABLE FROM OUTSIDE.

   OUTGOING TRANSITIONS:
      00010
      00001

   INCOMING TRANSITIONS:
      00001
      10000


00010 : FSM STATE NOT REACHABLE FROM OUTSIDE.

   OUTGOING TRANSITIONS:
      00100

   INCOMING TRANSITIONS:
      00001


00100 : FSM STATE NOT REACHABLE FROM OUTSIDE.

   OUTGOING TRANSITIONS:
      01000
      00100

   INCOMING TRANSITIONS:
      00010
      00100


01000 : FSM STATE NOT REACHABLE FROM OUTSIDE.

   OUTGOING TRANSITIONS:
      10000

   INCOMING TRANSITIONS:
      00100


10000 : FSM STATE NOT REACHABLE FROM OUTSIDE.

   OUTGOING TRANSITIONS:
      00001

   INCOMING TRANSITIONS:
      01000


FSM 1 : VALID TRANSITION GRAPH

00001 : STATE IS REACHABLE FROM OUTSIDE.

   OUTGOING TRANSITIONS:
      00010


00010 : FSM STATE NOT REACHABLE FROM OUTSIDE.

   OUTGOING TRANSITIONS:
      00100

   INCOMING TRANSITIONS:
      00001
      10000


00100 : FSM STATE NOT REACHABLE FROM OUTSIDE.

   OUTGOING TRANSITIONS:
      01000
      00100

   INCOMING TRANSITIONS:
      00010
      00100


01000 : FSM STATE NOT REACHABLE FROM OUTSIDE.

   OUTGOING TRANSITIONS:
      10000
      01000

   INCOMING TRANSITIONS:
      00100
      01000


10000 : FSM STATE NOT REACHABLE FROM OUTSIDE.

   OUTGOING TRANSITIONS:
      00010

   INCOMING TRANSITIONS:
      01000


FSM 2 : VALID TRANSITION GRAPH

00001 : STATE IS REACHABLE FROM OUTSIDE.

   OUTGOING TRANSITIONS:
      00010
      00001

   INCOMING TRANSITIONS:
      00001
      10000


00010 : FSM STATE NOT REACHABLE FROM OUTSIDE.

   OUTGOING TRANSITIONS:
      00100

   INCOMING TRANSITIONS:
      00001


00100 : FSM STATE NOT REACHABLE FROM OUTSIDE.

   OUTGOING TRANSITIONS:
      01000
      00100

   INCOMING TRANSITIONS:
      00010
      00100


01000 : FSM STATE NOT REACHABLE FROM OUTSIDE.

   OUTGOING TRANSITIONS:
      10000

   INCOMING TRANSITIONS:
      00100


10000 : FSM STATE NOT REACHABLE FROM OUTSIDE.

   OUTGOING TRANSITIONS:
      00001

   INCOMING TRANSITIONS:
      01000


FSM 1 : VALID TRANSITION GRAPH

00001 : STATE IS REACHABLE FROM OUTSIDE.

   OUTGOING TRANSITIONS:
      00010


00010 : FSM STATE NOT REACHABLE FROM OUTSIDE.

   OUTGOING TRANSITIONS:
      00100

   INCOMING TRANSITIONS:
      00001
      10000


00100 : FSM STATE NOT REACHABLE FROM OUTSIDE.

   OUTGOING TRANSITIONS:
      01000
      00100

   INCOMING TRANSITIONS:
      00010
      00100


01000 : FSM STATE NOT REACHABLE FROM OUTSIDE.

   OUTGOING TRANSITIONS:
      10000
      01000

   INCOMING TRANSITIONS:
      00100
      01000


10000 : FSM STATE NOT REACHABLE FROM OUTSIDE.

   OUTGOING TRANSITIONS:
      00010

   INCOMING TRANSITIONS:
      01000


FSM 2 : VALID TRANSITION GRAPH

00001 : STATE IS REACHABLE FROM OUTSIDE.

   OUTGOING TRANSITIONS:
      00010
      00001

   INCOMING TRANSITIONS:
      00001
      10000


00010 : FSM STATE NOT REACHABLE FROM OUTSIDE.

   OUTGOING TRANSITIONS:
      00100

   INCOMING TRANSITIONS:
      00001


00100 : FSM STATE NOT REACHABLE FROM OUTSIDE.

   OUTGOING TRANSITIONS:
      01000
      00100

   INCOMING TRANSITIONS:
      00010
      00100


01000 : FSM STATE NOT REACHABLE FROM OUTSIDE.

   OUTGOING TRANSITIONS:
      10000

   INCOMING TRANSITIONS:
      00100


10000 : FSM STATE NOT REACHABLE FROM OUTSIDE.

   OUTGOING TRANSITIONS:
      00001

   INCOMING TRANSITIONS:
      01000


FSM 1 : VALID TRANSITION GRAPH

00001 : STATE IS REACHABLE FROM OUTSIDE.

   OUTGOING TRANSITIONS:
      00010


00010 : FSM STATE NOT REACHABLE FROM OUTSIDE.

   OUTGOING TRANSITIONS:
      00100

   INCOMING TRANSITIONS:
      00001
      10000


00100 : FSM STATE NOT REACHABLE FROM OUTSIDE.

   OUTGOING TRANSITIONS:
      01000
      00100

   INCOMING TRANSITIONS:
      00010
      00100


01000 : FSM STATE NOT REACHABLE FROM OUTSIDE.

   OUTGOING TRANSITIONS:
      10000
      01000

   INCOMING TRANSITIONS:
      00100
      01000


10000 : FSM STATE NOT REACHABLE FROM OUTSIDE.

   OUTGOING TRANSITIONS:
      00010

   INCOMING TRANSITIONS:
      01000


FSM 2 : VALID TRANSITION GRAPH

00001 : STATE IS REACHABLE FROM OUTSIDE.

   OUTGOING TRANSITIONS:
      00010
      00001

   INCOMING TRANSITIONS:
      00001
      10000


00010 : FSM STATE NOT REACHABLE FROM OUTSIDE.

   OUTGOING TRANSITIONS:
      00100

   INCOMING TRANSITIONS:
      00001


00100 : FSM STATE NOT REACHABLE FROM OUTSIDE.

   OUTGOING TRANSITIONS:
      01000
      00100

   INCOMING TRANSITIONS:
      00010
      00100


01000 : FSM STATE NOT REACHABLE FROM OUTSIDE.

   OUTGOING TRANSITIONS:
      10000

   INCOMING TRANSITIONS:
      00100


10000 : FSM STATE NOT REACHABLE FROM OUTSIDE.

   OUTGOING TRANSITIONS:
      00001

   INCOMING TRANSITIONS:
      01000


FSM 1 : VALID TRANSITION GRAPH

00001 : STATE IS REACHABLE FROM OUTSIDE.

   OUTGOING TRANSITIONS:
      00010


00010 : FSM STATE NOT REACHABLE FROM OUTSIDE.

   OUTGOING TRANSITIONS:
      00100

   INCOMING TRANSITIONS:
      00001
      10000


00100 : FSM STATE NOT REACHABLE FROM OUTSIDE.

   OUTGOING TRANSITIONS:
      01000
      00100

   INCOMING TRANSITIONS:
      00010
      00100


01000 : FSM STATE NOT REACHABLE FROM OUTSIDE.

   OUTGOING TRANSITIONS:
      10000
      01000

   INCOMING TRANSITIONS:
      00100
      01000


10000 : FSM STATE NOT REACHABLE FROM OUTSIDE.

   OUTGOING TRANSITIONS:
      00010

   INCOMING TRANSITIONS:
      01000


FSM 2 : VALID TRANSITION GRAPH

00001 : STATE IS REACHABLE FROM OUTSIDE.

   OUTGOING TRANSITIONS:
      00010
      00001

   INCOMING TRANSITIONS:
      00001
      10000


00010 : FSM STATE NOT REACHABLE FROM OUTSIDE.

   OUTGOING TRANSITIONS:
      00100

   INCOMING TRANSITIONS:
      00001


00100 : FSM STATE NOT REACHABLE FROM OUTSIDE.

   OUTGOING TRANSITIONS:
      01000
      00100

   INCOMING TRANSITIONS:
      00010
      00100


01000 : FSM STATE NOT REACHABLE FROM OUTSIDE.

   OUTGOING TRANSITIONS:
      10000

   INCOMING TRANSITIONS:
      00100


10000 : FSM STATE NOT REACHABLE FROM OUTSIDE.

   OUTGOING TRANSITIONS:
      00001

   INCOMING TRANSITIONS:
      01000


